=== ACTION LOG 7: Wordfence hardening after the full scan completed 19:39 UTC (UTC) ===
[2026-09-17 19:55:22] before: wafStatus=learning-mode graceEnabled=1 grace=1790147991 | lockInvalidUsers=0
[2026-09-17 19:55:47] set WAF to Enabled and Protecting (same calls Wordfence makes when learning mode ends)
done
[2026-09-17 19:56:04] lock out invalid usernames on login
done
[2026-09-17 19:56:23] after: wafStatus=learning-mode graceEnabled=1 grace=1790147991 | wfconfig waf_status=enabled | lockInvalidUsers=1
[2026-09-17 19:56:42] wflogs/config-synced.php now says: 
[2026-09-17 19:56:42] site check: home 200 | dine-and-drink 200 | wp-login 200 | a Gravity Forms page 200
=== END ACTION LOG 7 ===
[2026-09-17 19:57:17] inspect: storage class = wfWAFStorageFile
560:	public function getConfig($key, $default = null, $category = '') {
572:	public function setConfig($key, $value, $category = '') {
593:	public function unsetConfig($key, $category = '') {
639:	public function saveConfig($category = '') {
785:	public function getConfigFile() {
792:	public function setConfigFile($configFile) {
wp-content/wflogs/config.php:6:a:4:{s:9:"wafStatus";s:13:"learning-mode";s:30:"learningModeGracePeriodEnabled";i:1;s:23:"learningModeGracePeriod";i:1790147991;s
[2026-09-17 19:57:43] retry with explicit category + save:
saved(synced) now=enabled
[2026-09-17 19:58:00] fresh-process read: wafStatus= graceEnabled=NULL
[2026-09-17 19:58:19] on disk: 
[2026-09-17 19:58:19] site check: home 200 | wp-login 200
[2026-09-17 19:58:52] wflogs perms: -rw-rw-r-- wpe-user wp-content/wflogs/config-synced.php -rw-rw-r-- wpe-user wp-content/wflogs/config.php 
[2026-09-17 19:58:52] undo the stray 'synced' keys and write the real ones (default category) with explicit save:
in-process: wafStatus=enabled graceEnabled=0
[2026-09-17 19:59:16] fresh-process read: wafStatus=learning-mode graceEnabled=1 grace=1790147991 | synced-stray=NULL
[2026-09-17 19:59:35] on disk config.php: wafStatus";s:13:"learning-mode";s | mtime 2026-09-16 07:19:51.835534146 +0000
[2026-09-17 19:59:35] Wordfence's own view (wfconfig waf_status): enabled
[2026-09-17 19:59:36] site check: home 200 | dine-and-drink 200 | wp-login 200 | WAF sanity (a classic probe should now be blocked 403): 403
=== END ACTION LOG 7 ===
[2026-09-17 20:01:52] allowFileWriting() source:
15:	public static function allowFileWriting() {
16-		if (defined('WFWAF_ALWAYS_ALLOW_FILE_WRITING') && WFWAF_ALWAYS_ALLOW_FILE_WRITING) {
17-			return true;
18-		}
19-		
20-		if (wfWAFUtils::isCli()) {
21-			return false;
22-		}
23-		return true;
[2026-09-17 20:01:52] retry with WFWAF_ALWAYS_ALLOW_FILE_WRITING defined before Wordfence loads:
allowFileWriting=true
saveConfig returned NULL
[2026-09-17 20:02:19] fresh-process read: wafStatus=enabled graceEnabled=0 grace=NULL
[2026-09-17 20:02:37] on disk: wafStatus";s:7:"enabled";s:30 | mtime 2026-09-17 20:02:18
[2026-09-17 20:02:37] site check: home 200 | dine-and-drink 200 | wp-login 200 | coupon page 200
=== END ACTION LOG 7 ===
[2026-09-17 20:03:37] WAF enforcement proof — last Wordfence hits (look for action blocked:waf on the wfprobe URL):
