=== ACTION LOG 4: invalidate all WordPress user passwords (all times UTC) ===
[2026-09-17 19:32:55] password hash fingerprints BEFORE (first 12 chars):
ID	user_login	hash_prefix
2	Laura Lake	$wp$2y$10$Xc
11	samson	$wp$2y$10$Ec
13	walbert@mms-lv.com	$wp$2y$10$a8
15	access@classiccityconsulting.com	$wp$2y$10$4o

[2026-09-17 19:33:03] user 2: set new random 32-char password (not recorded anywhere)
Success: Updated user 2.
[2026-09-17 19:33:11] user 7: set new random 32-char password (not recorded anywhere)
Error: No valid users found.
[2026-09-17 19:33:18] user 11: set new random 32-char password (not recorded anywhere)
Success: Updated user 11.
[2026-09-17 19:33:25] user 13: set new random 32-char password (not recorded anywhere)
Success: Updated user 13.
[2026-09-17 19:33:33] user 15: set new random 32-char password (not recorded anywhere)
Success: Updated user 15.
[2026-09-17 19:33:36] password hash fingerprints AFTER:
ID	user_login	hash_prefix
2	Laura Lake	$wp$2y$10$Fv
11	samson	$wp$2y$10$QF
13	walbert@mms-lv.com	$wp$2y$10$D2
15	access@classiccityconsulting.com	$wp$2y$10$Ns

[2026-09-17 19:33:37] sessions after:
  user 2: 0
  user 7: 
  user 11: 0
  user 13: 0
  user 15: 3
[2026-09-17 19:33:52] lost-password endpoint reachable: 200
=== END ACTION LOG 4 ===
